warning: fields `miden_rpc` and `relayer_address` are never read
  --> src/main.rs:11:5
   |
10 | struct Config {
   |        ------ fields in this struct
11 |     miden_rpc: String,
   |     ^^^^^^^^^
...
15 |     relayer_address: String,
   |     ^^^^^^^^^^^^^^^
   |
   = note: `Config` has derived impls for the traits `Clone` and `Debug`, but these are intentionally ignored during dead code analysis
   = note: `#[warn(dead_code)]` (part of `#[warn(unused)]`) on by default

warning: fields `address` and `topics` are never read
  --> src/main.rs:40:5
   |
39 | struct EvmLog {
   |        ------ fields in this struct
40 |     address: String,
   |     ^^^^^^^
41 |     topics: Vec<String>,
   |     ^^^^^^
   |
   = note: `EvmLog` has a derived impl for the trait `Debug`, but this is intentionally ignored during dead code analysis

warning: `sakasena-relayer` (bin "relayer") generated 2 warnings
    Finished `dev` profile [unoptimized + debuginfo] target(s) in 4.97s
     Running `target/debug/relayer`
[2026-08-29T14:51:50Z INFO  relayer] 🚀 SAKASENA Bridge Relayer starting...
[2026-08-29T14:51:50Z INFO  relayer] Config:
[2026-08-29T14:51:50Z INFO  relayer]   EVM Bridge: 0x90cbAe500C2c008B58656f474d4e35F5B7A7996a
[2026-08-29T14:51:50Z INFO  relayer]   Miden Bridge: 0x5eb65e512ab979911ec04e6798ead0
[2026-08-29T14:51:50Z INFO  relayer] 🔄 Starting event polling loop...
[2026-08-29T14:51:55Z INFO  relayer] 🔥 Found 1 burn event(s) in blocks 11586100-11586105!
[2026-08-29T14:51:55Z INFO  relayer] 🔥 BURN EVENT:
[2026-08-29T14:51:55Z INFO  relayer]    TX: 0x04839d9921188ac8d33855991cef8442b8ea5fd1d90d01ce8777dfa96a619742
[2026-08-29T14:51:55Z INFO  relayer]    Block: 0xb0ca37
[2026-08-29T14:51:55Z INFO  relayer]    Amount: 100 wSKS
[2026-08-29T14:51:55Z INFO  relayer]    Nonce: 0
[2026-08-29T14:51:55Z INFO  relayer]    Dest Miden: 0x000000000000000000000000000000000078674c6cf5e6a0b109599029c2105f
[2026-08-29T14:51:55Z INFO  relayer]    → Action: Create unlock note on Miden
[2026-08-29T14:51:56Z INFO  relayer] 🔥 Found 1 burn event(s) in blocks 11586150-11586155!
[2026-08-29T14:51:56Z INFO  relayer] 🔥 BURN EVENT:
[2026-08-29T14:51:56Z INFO  relayer]    TX: 0xae06bd1e9b87d590935f55d00f5551a02b73e83c0fdc5a55c87f8865553faee3
[2026-08-29T14:51:56Z INFO  relayer]    Block: 0xb0ca68
[2026-08-29T14:51:56Z INFO  relayer]    Amount: 1 wSKS
[2026-08-29T14:51:56Z INFO  relayer]    Nonce: 0
[2026-08-29T14:51:56Z INFO  relayer]    Dest Miden: 0x000000000000000000000000000000000078674c6cf5e6a0b109599029c2105f
[2026-08-29T14:51:56Z INFO  relayer]    → Action: Create unlock note on Miden
[2026-08-29T14:52:28Z ERROR relayer] RPC error: Object {"code": Number(429), "message": String("Your app has exceeded its compute units per second capacity. If you have retries enabled, you can safely ignore this message. If not, check out https://docs.alchemy.com/reference/throughput")} (block 11587910-11587915)
