warning: fields `address` and `topics` are never read
  --> src/main.rs:40:5
   |
39 | struct EvmLog {
   |        ------ fields in this struct
40 |     address: String,
   |     ^^^^^^^
41 |     topics: Vec<String>,
   |     ^^^^^^
   |
   = note: `EvmLog` has a derived impl for the trait `Debug`, but this is intentionally ignored during dead code analysis
   = note: `#[warn(dead_code)]` (part of `#[warn(unused)]`) on by default

warning: `sakasena-relayer` (bin "relayer") generated 1 warning
    Finished `dev` profile [unoptimized + debuginfo] target(s) in 0.82s
     Running `target/debug/relayer`
[2026-08-29T14:08:04Z INFO  relayer] 🚀 SAKASENA Bridge Relayer starting...
[2026-08-29T14:08:04Z INFO  relayer] Config:
[2026-08-29T14:08:04Z INFO  relayer]   Miden RPC: https://rpc.testnet.miden.io
[2026-08-29T14:08:04Z INFO  relayer]   EVM RPC: https://eth-sepolia.g.alchemy....
[2026-08-29T14:08:04Z INFO  relayer]   EVM Bridge: 0x90cbAe500C2c008B58656f474d4e35F5B7A7996a
[2026-08-29T14:08:04Z INFO  relayer]   Miden Bridge: 0x5eb65e512ab979911ec04e6798ead0
[2026-08-29T14:08:04Z INFO  relayer]   Relayer: 0xf8d59231bD1c74b8878cCF244C4dFFf412C872F5
[2026-08-29T14:08:04Z INFO  relayer] 🔄 Starting event polling loop (10-block chunks for Alchemy Free)...
